traffic_light.c:21:6:set_red_cycle	16	static
traffic_light.c:25:6:set_yellow_cycle	16	static
traffic_light.c:29:6:set_green_cycle	16	static
traffic_light.c:33:5:get_red_cycle	4	static
traffic_light.c:37:5:get_yellow_cycle	4	static
traffic_light.c:41:5:get_green_cycle	4	static
traffic_light.c:44:7:scan_2leds	16	static
traffic_light.c:51:6:scan_4leds	8	static
traffic_light.c:57:6:init_traffic_light	16	static
traffic_light.c:71:6:traffic_light	16	static
traffic_light.c:147:6:display_red_light	8	static
traffic_light.c:156:6:display_yellow_light	8	static
traffic_light.c:165:6:display_green_light	8	static
